java.lang.Throwable: Could not open input file tests/arith.cl
	at Utilities.fatalError(Unknown Source)
	at Lexer.main(Unknown Source)
